nohup: 忽略输入
============================================================
 [DOMAC 净室复现] TSMC 28nm 节点可微 STA 优化框架
============================================================
[System] 发现 PDK 物理库，启动解析...
[Core] 启动底层物理数据剥离，目标库: /home/changxian/library/t28_official/tcbn28hpcplusbwp12t40p140tt0p9v25c.lib
[Core] 开始融合 Worst-case 物理场景并生成 PyTorch Tensors...
 -> 成功编译物理单元: FA1D0BWP12T40P140
 -> 成功编译物理单元: FA1D1BWP12T40P140
 -> 成功编译物理单元: FA1D2BWP12T40P140
 -> 成功编译物理单元: FA1D4BWP12T40P140
 -> 成功编译物理单元: HA1D0BWP12T40P140
 -> 成功编译物理单元: HA1D1BWP12T40P140
 -> 成功编译物理单元: HA1D2BWP12T40P140
 -> 成功编译物理单元: HA1D4BWP12T40P140

[Canvas Generator] 自动推演 16x16 乘法器画布...
 -> 共 256 个 PP 节点。各列点数分布: [1, 2, 3, 4, 5, 6, 7, 8, 9, 10, 11, 12, 13, 14, 15, 16, 15, 14, 13, 12, 11, 10, 9, 8, 7, 6, 5, 4, 3, 2, 1]
 -> 申请 210 个压缩器画布。
REQ_TIME：0.1

[Engine] 构建异构可微压缩树...

[Engine] 物理映射与梯度反向传播开始...
[Optimizer] 启动 DOMAC 训练循环，最大迭代次数: 300
Epoch 000 | WNS: 0.3227 | Area: 723.2382 | L_BM (连接合法性): 142.0840 | L_D (二值化): 57.1276 | Total Loss: 475856.5000
Epoch 020 | WNS: 0.3846 | Area: 640.4051 | L_BM (连接合法性): 75.7709 | L_D (二值化): 52.8891 | Total Loss: 152926.2344
Epoch 040 | WNS: 0.3967 | Area: 613.3145 | L_BM (连接合法性): 45.9989 | L_D (二值化): 36.0254 | Total Loss: 120513.1641
Epoch 060 | WNS: 0.3985 | Area: 606.6392 | L_BM (连接合法性): 44.0698 | L_D (二值化): 33.0678 | Total Loss: 112187.0312
Epoch 080 | WNS: 0.3977 | Area: 604.5558 | L_BM (连接合法性): 42.4811 | L_D (二值化): 32.7680 | Total Loss: 108295.8125
Epoch 100 | WNS: 0.3960 | Area: 603.5026 | L_BM (连接合法性): 40.5960 | L_D (二值化): 32.8007 | Total Loss: 105896.4531
Epoch 120 | WNS: 0.3935 | Area: 602.8018 | L_BM (连接合法性): 38.4962 | L_D (二值化): 32.8799 | Total Loss: 104288.3125
Epoch 140 | WNS: 0.3903 | Area: 602.2698 | L_BM (连接合法性): 36.0551 | L_D (二值化): 32.9264 | Total Loss: 103130.0625
Epoch 160 | WNS: 0.3861 | Area: 601.8499 | L_BM (连接合法性): 33.2284 | L_D (二值化): 32.9347 | Total Loss: 102268.9375
Epoch 180 | WNS: 0.3811 | Area: 601.5149 | L_BM (连接合法性): 30.0171 | L_D (二值化): 32.9234 | Total Loss: 101614.6406
Epoch 200 | WNS: 0.3752 | Area: 601.2445 | L_BM (连接合法性): 26.4790 | L_D (二值化): 32.9006 | Total Loss: 101109.8438
Epoch 220 | WNS: 0.3686 | Area: 601.0250 | L_BM (连接合法性): 22.7189 | L_D (二值化): 32.8748 | Total Loss: 100716.5781
Epoch 240 | WNS: 0.3612 | Area: 600.8448 | L_BM (连接合法性): 18.8865 | L_D (二值化): 32.8544 | Total Loss: 100409.2109
Epoch 260 | WNS: 0.3533 | Area: 600.6960 | L_BM (连接合法性): 15.1630 | L_D (二值化): 32.8474 | Total Loss: 100170.0156
Epoch 280 | WNS: 0.3450 | Area: 600.5715 | L_BM (连接合法性): 11.7364 | L_D (二值化): 32.8603 | Total Loss: 99987.2109
Epoch 299 | WNS: 0.3369 | Area: 600.4710 | L_BM (连接合法性): 8.9014 | L_D (二值化): 32.8951 | Total Loss: 99858.7891
[Optimizer] 训练收敛完成。连续概率空间已逼近物理离散态。

[System] 优化执行完毕！网表拓扑已坍缩至离散界限附近。

[Legalizer] 启动物理网表坍缩...
[Legalizer] 正在运行 scipy.optimize.linear_sum_assignment (匈牙利算法)...
[Legalizer] 坍缩完成！630 根线接入压缩树，46 根线直通下游 CPA。

[VerilogGen] 正在将矩阵拓扑编译为纯血 RTL 网表: output/netlists/domac_result.v
[VerilogGen] 物理网表已成功封盒！
[VerilogGen] 正在锻造自校验 Testbench: output/netlists/tb_domac.v
[VerilogGen] Testbench 锻造完毕！
============================================================
 [任务完成] 全流程跑通，总耗时: 10098.55 秒
 请前往 output/netlists/domac_result.v 查看流片网表。
============================================================
